---
source: crates/amalgam-parser/tests/practical_usage_snapshot_test.rs
expression: main_module
---
# test-snapshot-package - Kubernetes CRD types
# Auto-generated by amalgam
# Structure: group/version/kind

{
  example_com = import "./example.com/mod.ncl",
}
